# Changelogs

## 2026-09-24

### 26.2.3 稳定性修复
- 移除便携模式开关：数据固定在程序安装目录，启动时自动迁移 AppData 旧数据
- 修复启动后窗口变细条：非法尺寸拒绝写入，呼出时按习惯尺寸自愈（默认 1280×720）
- 记录常用窗口大小（最多 20 条），异常时恢复出现次数最多的习惯尺寸
- 数据向下兼容：能读的正常读，未知字段保留不删除，双 MAC 兼容回退旧版
- 禁用触屏滑到底部的浏览器式回弹
- 点名滚动热路径直写 DOM 文本，减少 Vue 重渲染，动效保持不变

## 2026-07-26

### 26.0.5 正式版
- 同步发布 Web、Electron 与 Tauri 版本
- 人员名单及绑定小组支持 CSV/JSON 导入导出，导入自动识别格式，默认导出 CSV
- 重构多人点名布局：大量结果保持统一行列基线、充分使用可用空间并避让控制区
- 移除多人布局的高复杂度穷举，修复极少数情况下大量抽取导致界面卡住或无响应
- 新增完整抽奖模式：加权轮盘、人员奖品分配、奖品单管理、库存校验和独立抽奖记录
- 人员与抽取记录迁移为 UUID 身份关联，姓名修改后仍可正确解析历史记录
- 新增 Fluent Tabs、自动停止、多种结果强调动画及经典单人结果动画
- 新增桃粉、Fluent 和智能自定义浅/深主题色板，桌面端读取 Windows 强调色
- Electron/Tauri 统一管理员计划任务自启动，支持启动到托盘和首次显示补播启动动画
- 需要展示路径的桌面文件操作支持文件定位按钮，长通知停留 3 秒后单次滚动并自动消失
- 新增多下载源并将 Web 下载源选择移至下载客户端页面
- 修正全屏图标、路由切换方向、轮盘布局、设置分类及名单 UUID 展示

## 2026-07-19

### 26.0.4 公平性与桌面体验更新
- 公平算法升级为 cyrenenameroller-balance/v3，以绝对极差 2 为固定软目标，并确保所有候选者始终保留非零概率
- 单人及多人抽取均逐次更新公平状态，禁止用户修改会影响公平性的内部参数
- 新增小组管理与小组抽取模式，可与多人模式组合使用
- 点名结果改为动态规则网格：单人精确位于页面中心，多人自动缩放、整行居中并避让右下角控件
- Electron 与 Tauri 新增系统托盘，关闭主窗口后可从托盘恢复或退出
- 新增可拖拽的悬浮点名球，可在设置中随时开启或关闭，点击悬浮球可唤回主窗口
- 禁止桌面主界面弹出浏览器右键菜单，避免出现不符合客户端体验的网页操作项
- 修复 Tauri 多窗口状态保存，避免悬浮窗尺寸覆盖主窗口尺寸
- Electron 与 Tauri 更新包改由原生层下载、校验并自动启动安装程序
- 修复 Tauri 下载更新时进度条长期停留在 5% 的问题，现会实时显示分块下载进度

## 2026-07-10

### 全新横幅通知系统
- 重写全局通知系统，所有通知改为TitleBar横幅样式
- 横幅带有科幻感动画：扫描线、流光、弹性入场
- 支持info/success/warning/download四种类型
- 下载进度横幅变为进度条样式，背景色渐变
- 下载中横幅不可关闭，禁止重复触发更新检查
- 下载完成后自动保存并启动安装程序

### 更新系统优化
- 检查更新结果通过横幅通知（最新版3秒自动关闭）
- 强制更新按钮：无论版本是否最新直接触发下载
- 修复按钮颜色：检查更新(primary)在前，强制更新(secondary)在后
- 版本号数字和下载进度数字放大1.6倍

### 翻牌抽名器优化
- 牌数下限从2改为1，支持单张牌翻牌
- 添加加减按钮控制牌数
- 多抽时若剩余不足，自动抽取所有剩余牌
- 剩余1张时点击多抽会友好提示并抽取

### 多人模式优化
- 隐藏input number自带的上下按键
- 翻牌抽名器同样隐藏number控件，改用加减按钮

### 名单管理页面修复
- 修复打开子页面显示英文的问题
- 通知方式从旧版toast改为横幅通知

### UI Scale调整（继承自上一版本）
- 界面缩放基准调整为125%作为新100%
- 缩放选项：50%/75%/100%/125%/150%/175%/200%

### 应用名称统一（继承自上一版本）
- Tauri和Electron版本统一显示为"Cyreneの随机点名器"

## 2026-07-18
### 新增公告系统
- 新增公告页面（AnnouncementView），数据从远程 latest.json 拉取，单文件支持多条公告
- 公告支持置顶、重要标记、分类标签（CN/EN）、发布时间与 Markdown 正文解析
- 信息源首选 gh.昔涟.cn 代理；首选连续失败 3 次或超时后自动切换备选源（nameapi.cyrene.hi.cn / 官方 raw）
- Dock 栏底部新增"公告"入口，位于下载客户端按钮上方（桌面端位于设置按钮上方）

### 页面切换顺序修复
- 修复下载页 id 排在关于页之后导致切换动画方向错误的问题，按指定层级权重排序（随机点名1/翻牌2/统计3/记录4/名单5/公告10001/下载1002/文档1003/设置9999/关于33550336）

### 更新程序下载与执行（Tauri/Electron）
- Tauri：补充 dialog 插件权限，保存对话框正常弹出并保存后自动执行安装程序
- Tauri：更新日志 up.json 改为 include_str! 嵌入二进制，安装目录不再单独放出 Updatelog 文件
- Electron/Tauri 下载更新或客户端后均会保存并启动对应安装程序

### 资源完整性保护（Electron）
- Electron 打包启用 @electron/fuses 的 EmbeddedAsarIntegrityValidation 与 OnlyLoadAppFromAsar，篡改 asar 资源将导致无法启动

### Tauri 窗口状态记忆
- 修复 Tauri 端窗口大小/位置重启后不恢复的问题
- 新增 window-state 保存/恢复：监听 Resized/Moved/CloseRequested 事件，将尺寸、位置、最大化状态写入 app_data_dir 下的 window-state.json，启动时自动恢复
- Electron 端经核查已具备完整窗口状态持久化（electron-store + resize/move/close 监听），无需改动

### 修复下载后保存/执行问题
- Tauri 端：补充 `dialog:allow-save` 权限（Tauri 2 前端调用 blocking_save_file 必需），保存对话框现在可正常弹出；新增 `save_and_launch_from_bytes` 命令，由前端传入已下载字节，避免 Rust 端二次经代理下载；启动安装程序改用 explorer（等待安装程序退出，规避 SmartScreen 误判），失败回退 cmd/open/xdg-open
- Electron 端：修复下载文件仅 229KB（实为代理返回的 HTML 错误页）的问题——下载后做 SHA-256 校验，与 GitHub 资源的 digest 比对，校验失败自动回退官方源重新下载并再校验；校验不通过则提示用户而非执行损坏文件

### 修复页面路由切换顺序
- 公告 id 原误写为 10001（> 下载1002，导致顺序矛盾），已更正为 1001；现 id 严格单调递增（随机1→翻牌2→统计3→记录4→名单5→公告1001→下载1002→文档1003→设置9999→关于33550336）
- 切换动画方向按 id 数值判断（id 更大 = 更靠后 = 前进），与预期层级一致
